2026-04-12 10:30:41.300 [background-preinit] INFO  o.h.validator.internal.util.Version - HV000001: Hibernate Validator 8.0.3.Final
2026-04-12 10:30:41.375 [main] INFO  c.l.m.MybatisPlusLearningApplication - Starting MybatisPlusLearningApplication using Java 17.0.13 with PID 19728 (D:\Spring_Cloud\MybatisPlusLearning\target\classes started by 25516 in D:\Spring_Cloud)
2026-04-12 10:30:41.376 [main] DEBUG c.l.m.MybatisPlusLearningApplication - Running with Spring Boot v3.5.11, Spring v6.2.16
2026-04-12 10:30:41.377 [main] INFO  c.l.m.MybatisPlusLearningApplication - No active profile set, falling back to 1 default profile: "default"
2026-04-12 10:30:42.643 [main] INFO  o.s.b.w.e.tomcat.TomcatWebServer - Tomcat initialized with port 8080 (http)
2026-04-12 10:30:42.657 [main] INFO  o.a.coyote.http11.Http11NioProtocol - Initializing ProtocolHandler ["http-nio-8080"]
2026-04-12 10:30:42.659 [main] INFO  o.a.catalina.core.StandardService - Starting service [Tomcat]
2026-04-12 10:30:42.659 [main] INFO  o.a.catalina.core.StandardEngine - Starting Servlet engine: [Apache Tomcat/10.1.52]
2026-04-12 10:30:42.749 [main] INFO  o.a.c.c.C.[Tomcat].[localhost].[/] - Initializing Spring embedded WebApplicationContext
2026-04-12 10:30:42.750 [main] INFO  o.s.b.w.s.c.ServletWebServerApplicationContext - Root WebApplicationContext: initialization completed in 1294 ms
2026-04-12 10:30:43.660 [main] INFO  c.b.m.e.s.MybatisPlusApplicationContextAware - Register ApplicationContext instances org.springframework.boot.web.servlet.context.AnnotationConfigServletWebServerApplicationContext@46074492
2026-04-12 10:30:43.796 [main] INFO  o.a.coyote.http11.Http11NioProtocol - Starting ProtocolHandler ["http-nio-8080"]
2026-04-12 10:30:43.813 [main] INFO  o.s.b.w.e.tomcat.TomcatWebServer - Tomcat started on port 8080 (http) with context path '/'
2026-04-12 10:30:43.821 [main] INFO  c.l.m.MybatisPlusLearningApplication - Started MybatisPlusLearningApplication in 3.264 seconds (process running for 4.182)
2026-04-12 10:30:43.823 [main] WARN  o.s.c.events.SpringDocAppInitializer - SpringDoc /v3/api-docs endpoint is enabled by default. To disable it in production, set the property 'springdoc.api-docs.enabled=false'
2026-04-12 10:30:43.824 [main] WARN  o.s.c.events.SpringDocAppInitializer - SpringDoc /swagger-ui.html endpoint is enabled by default. To disable it in production, set the property 'springdoc.swagger-ui.enabled=false'
2026-04-12 10:31:54.215 [http-nio-8080-exec-1] INFO  o.a.c.c.C.[Tomcat].[localhost].[/] - Initializing Spring DispatcherServlet 'dispatcherServlet'
2026-04-12 10:31:54.217 [http-nio-8080-exec-1] INFO  o.s.web.servlet.DispatcherServlet - Initializing Servlet 'dispatcherServlet'
2026-04-12 10:31:54.225 [http-nio-8080-exec-1] INFO  o.s.web.servlet.DispatcherServlet - Completed initialization in 6 ms
2026-04-12 10:31:54.410 [http-nio-8080-exec-1] INFO  com.zaxxer.hikari.HikariDataSource - HikariPool-1 - Starting...
2026-04-12 10:31:55.537 [http-nio-8080-exec-1] INFO  com.zaxxer.hikari.pool.HikariPool - HikariPool-1 - Added connection com.mysql.cj.jdbc.ConnectionImpl@4395ee52
2026-04-12 10:31:55.538 [http-nio-8080-exec-1] INFO  com.zaxxer.hikari.HikariDataSource - HikariPool-1 - Start completed.
2026-04-12 10:31:55.561 [http-nio-8080-exec-1] DEBUG c.laoliu.mp.mapper.UserMapper.insert - ==>  Preparing: INSERT INTO user ( `name`, age, email, address, phone, sex, balance ) VALUES ( ?, ?, ?, ?, ?, ?, ? )
2026-04-12 10:31:55.648 [http-nio-8080-exec-1] DEBUG c.laoliu.mp.mapper.UserMapper.insert - ==> Parameters: laoliu(String), 18(Integer), 235626@qq.com(String), 上海(String), 1234567890(String), 1(Integer), 100.0(Double)
2026-04-12 10:31:55.702 [http-nio-8080-exec-1] DEBUG c.laoliu.mp.mapper.UserMapper.insert - <==    Updates: 1
2026-04-12 10:39:59.776 [SpringApplicationShutdownHook] INFO  o.s.b.w.e.tomcat.GracefulShutdown - Commencing graceful shutdown. Waiting for active requests to complete
2026-04-12 10:39:59.896 [tomcat-shutdown] INFO  o.s.b.w.e.tomcat.GracefulShutdown - Graceful shutdown complete
2026-04-12 10:39:59.905 [SpringApplicationShutdownHook] INFO  com.zaxxer.hikari.HikariDataSource - HikariPool-1 - Shutdown initiated...
2026-04-12 10:39:59.914 [SpringApplicationShutdownHook] INFO  com.zaxxer.hikari.HikariDataSource - HikariPool-1 - Shutdown completed.
2026-04-12 10:40:05.362 [background-preinit] INFO  o.h.validator.internal.util.Version - HV000001: Hibernate Validator 8.0.3.Final
2026-04-12 10:40:05.411 [main] INFO  c.l.m.MybatisPlusLearningApplication - Starting MybatisPlusLearningApplication using Java 17.0.13 with PID 18868 (D:\Spring_Cloud\MybatisPlusLearning\target\classes started by 25516 in D:\Spring_Cloud)
2026-04-12 10:40:05.412 [main] DEBUG c.l.m.MybatisPlusLearningApplication - Running with Spring Boot v3.5.11, Spring v6.2.16
2026-04-12 10:40:05.413 [main] INFO  c.l.m.MybatisPlusLearningApplication - No active profile set, falling back to 1 default profile: "default"
2026-04-12 10:40:06.439 [main] INFO  o.s.b.w.e.tomcat.TomcatWebServer - Tomcat initialized with port 8080 (http)
2026-04-12 10:40:06.451 [main] INFO  o.a.coyote.http11.Http11NioProtocol - Initializing ProtocolHandler ["http-nio-8080"]
2026-04-12 10:40:06.452 [main] INFO  o.a.catalina.core.StandardService - Starting service [Tomcat]
2026-04-12 10:40:06.452 [main] INFO  o.a.catalina.core.StandardEngine - Starting Servlet engine: [Apache Tomcat/10.1.52]
2026-04-12 10:40:06.534 [main] INFO  o.a.c.c.C.[Tomcat].[localhost].[/] - Initializing Spring embedded WebApplicationContext
2026-04-12 10:40:06.535 [main] INFO  o.s.b.w.s.c.ServletWebServerApplicationContext - Root WebApplicationContext: initialization completed in 1063 ms
2026-04-12 10:40:08.318 [main] INFO  c.b.m.e.s.MybatisPlusApplicationContextAware - Register ApplicationContext instances org.springframework.boot.web.servlet.context.AnnotationConfigServletWebServerApplicationContext@2c715e84
2026-04-12 10:40:08.728 [main] INFO  o.a.coyote.http11.Http11NioProtocol - Starting ProtocolHandler ["http-nio-8080"]
2026-04-12 10:40:08.807 [main] INFO  o.s.b.w.e.tomcat.TomcatWebServer - Tomcat started on port 8080 (http) with context path '/'
2026-04-12 10:40:08.833 [main] INFO  c.l.m.MybatisPlusLearningApplication - Started MybatisPlusLearningApplication in 4.048 seconds (process running for 4.897)
2026-04-12 10:40:08.840 [main] WARN  o.s.c.events.SpringDocAppInitializer - SpringDoc /v3/api-docs endpoint is enabled by default. To disable it in production, set the property 'springdoc.api-docs.enabled=false'
2026-04-12 10:40:08.841 [main] WARN  o.s.c.events.SpringDocAppInitializer - SpringDoc /swagger-ui.html endpoint is enabled by default. To disable it in production, set the property 'springdoc.swagger-ui.enabled=false'
2026-04-12 10:40:26.866 [http-nio-8080-exec-1] INFO  o.a.c.c.C.[Tomcat].[localhost].[/] - Initializing Spring DispatcherServlet 'dispatcherServlet'
2026-04-12 10:40:26.868 [http-nio-8080-exec-1] INFO  o.s.web.servlet.DispatcherServlet - Initializing Servlet 'dispatcherServlet'
2026-04-12 10:40:26.876 [http-nio-8080-exec-1] INFO  o.s.web.servlet.DispatcherServlet - Completed initialization in 6 ms
2026-04-12 10:40:27.033 [http-nio-8080-exec-1] INFO  com.zaxxer.hikari.HikariDataSource - HikariPool-1 - Starting...
2026-04-12 10:40:28.080 [http-nio-8080-exec-1] INFO  com.zaxxer.hikari.pool.HikariPool - HikariPool-1 - Added connection com.mysql.cj.jdbc.ConnectionImpl@4523d8c4
2026-04-12 10:40:28.086 [http-nio-8080-exec-1] INFO  com.zaxxer.hikari.HikariDataSource - HikariPool-1 - Start completed.
2026-04-12 10:40:28.107 [http-nio-8080-exec-1] DEBUG c.l.mp.mapper.UserMapper.deleteById - ==>  Preparing: DELETE FROM user WHERE id=?
2026-04-12 10:40:28.169 [http-nio-8080-exec-1] DEBUG c.l.mp.mapper.UserMapper.deleteById - ==> Parameters: 6(Integer)
2026-04-12 10:40:28.207 [http-nio-8080-exec-1] DEBUG c.l.mp.mapper.UserMapper.deleteById - <==    Updates: 1
2026-04-12 10:58:45.690 [SpringApplicationShutdownHook] INFO  o.s.b.w.e.tomcat.GracefulShutdown - Commencing graceful shutdown. Waiting for active requests to complete
2026-04-12 10:58:45.839 [tomcat-shutdown] INFO  o.s.b.w.e.tomcat.GracefulShutdown - Graceful shutdown complete
2026-04-12 10:58:45.845 [SpringApplicationShutdownHook] INFO  com.zaxxer.hikari.HikariDataSource - HikariPool-1 - Shutdown initiated...
2026-04-12 10:58:45.854 [SpringApplicationShutdownHook] INFO  com.zaxxer.hikari.HikariDataSource - HikariPool-1 - Shutdown completed.
2026-04-12 10:58:53.676 [background-preinit] INFO  o.h.validator.internal.util.Version - HV000001: Hibernate Validator 8.0.3.Final
2026-04-12 10:58:53.745 [main] INFO  c.l.m.MybatisPlusLearningApplication - Starting MybatisPlusLearningApplication using Java 17.0.13 with PID 3392 (D:\Spring_Cloud\MybatisPlusLearning\target\classes started by 25516 in D:\Spring_Cloud)
2026-04-12 10:58:53.746 [main] DEBUG c.l.m.MybatisPlusLearningApplication - Running with Spring Boot v3.5.11, Spring v6.2.16
2026-04-12 10:58:53.746 [main] INFO  c.l.m.MybatisPlusLearningApplication - No active profile set, falling back to 1 default profile: "default"
2026-04-12 10:58:54.840 [main] INFO  o.s.b.w.e.tomcat.TomcatWebServer - Tomcat initialized with port 8080 (http)
2026-04-12 10:58:54.852 [main] INFO  o.a.coyote.http11.Http11NioProtocol - Initializing ProtocolHandler ["http-nio-8080"]
2026-04-12 10:58:54.853 [main] INFO  o.a.catalina.core.StandardService - Starting service [Tomcat]
2026-04-12 10:58:54.853 [main] INFO  o.a.catalina.core.StandardEngine - Starting Servlet engine: [Apache Tomcat/10.1.52]
2026-04-12 10:58:54.939 [main] INFO  o.a.c.c.C.[Tomcat].[localhost].[/] - Initializing Spring embedded WebApplicationContext
2026-04-12 10:58:54.939 [main] INFO  o.s.b.w.s.c.ServletWebServerApplicationContext - Root WebApplicationContext: initialization completed in 1125 ms
2026-04-12 10:58:57.108 [main] INFO  c.b.m.e.s.MybatisPlusApplicationContextAware - Register ApplicationContext instances org.springframework.boot.web.servlet.context.AnnotationConfigServletWebServerApplicationContext@d78795
2026-04-12 10:58:57.483 [main] INFO  o.a.coyote.http11.Http11NioProtocol - Starting ProtocolHandler ["http-nio-8080"]
2026-04-12 10:58:57.538 [main] INFO  o.s.b.w.e.tomcat.TomcatWebServer - Tomcat started on port 8080 (http) with context path '/'
2026-04-12 10:58:57.566 [main] INFO  c.l.m.MybatisPlusLearningApplication - Started MybatisPlusLearningApplication in 4.446 seconds (process running for 5.25)
2026-04-12 10:58:57.570 [main] WARN  o.s.c.events.SpringDocAppInitializer - SpringDoc /v3/api-docs endpoint is enabled by default. To disable it in production, set the property 'springdoc.api-docs.enabled=false'
2026-04-12 10:58:57.571 [main] WARN  o.s.c.events.SpringDocAppInitializer - SpringDoc /swagger-ui.html endpoint is enabled by default. To disable it in production, set the property 'springdoc.swagger-ui.enabled=false'
2026-04-12 10:59:15.494 [http-nio-8080-exec-2] INFO  o.a.c.c.C.[Tomcat].[localhost].[/] - Initializing Spring DispatcherServlet 'dispatcherServlet'
2026-04-12 10:59:15.495 [http-nio-8080-exec-2] INFO  o.s.web.servlet.DispatcherServlet - Initializing Servlet 'dispatcherServlet'
2026-04-12 10:59:15.497 [http-nio-8080-exec-2] INFO  o.s.web.servlet.DispatcherServlet - Completed initialization in 2 ms
2026-04-12 10:59:15.597 [http-nio-8080-exec-2] INFO  com.zaxxer.hikari.HikariDataSource - HikariPool-1 - Starting...
2026-04-12 10:59:16.550 [http-nio-8080-exec-2] INFO  com.zaxxer.hikari.pool.HikariPool - HikariPool-1 - Added connection com.mysql.cj.jdbc.ConnectionImpl@73545fb
2026-04-12 10:59:16.555 [http-nio-8080-exec-2] INFO  com.zaxxer.hikari.HikariDataSource - HikariPool-1 - Start completed.
2026-04-12 10:59:16.585 [http-nio-8080-exec-2] DEBUG c.l.m.m.UserMapper.updateAmountById - ==>  Preparing: update user set balance = balance + ? where id = ?
2026-04-12 10:59:16.642 [http-nio-8080-exec-2] DEBUG c.l.m.m.UserMapper.updateAmountById - ==> Parameters: 22.0(Double), 5(Integer)
2026-04-12 10:59:16.656 [http-nio-8080-exec-2] DEBUG c.l.m.m.UserMapper.updateAmountById - <==    Updates: 1
2026-04-12 11:09:35.750 [SpringApplicationShutdownHook] INFO  o.s.b.w.e.tomcat.GracefulShutdown - Commencing graceful shutdown. Waiting for active requests to complete
2026-04-12 11:09:35.932 [tomcat-shutdown] INFO  o.s.b.w.e.tomcat.GracefulShutdown - Graceful shutdown complete
2026-04-12 11:09:35.935 [SpringApplicationShutdownHook] INFO  com.zaxxer.hikari.HikariDataSource - HikariPool-1 - Shutdown initiated...
2026-04-12 11:09:35.944 [SpringApplicationShutdownHook] INFO  com.zaxxer.hikari.HikariDataSource - HikariPool-1 - Shutdown completed.
2026-04-12 11:09:41.367 [background-preinit] INFO  o.h.validator.internal.util.Version - HV000001: Hibernate Validator 8.0.3.Final
2026-04-12 11:09:41.429 [main] INFO  c.l.m.MybatisPlusLearningApplication - Starting MybatisPlusLearningApplication using Java 17.0.13 with PID 24176 (D:\Spring_Cloud\MybatisPlusLearning\target\classes started by 25516 in D:\Spring_Cloud)
2026-04-12 11:09:41.429 [main] DEBUG c.l.m.MybatisPlusLearningApplication - Running with Spring Boot v3.5.11, Spring v6.2.16
2026-04-12 11:09:41.430 [main] INFO  c.l.m.MybatisPlusLearningApplication - No active profile set, falling back to 1 default profile: "default"
2026-04-12 11:09:42.558 [main] INFO  o.s.b.w.e.tomcat.TomcatWebServer - Tomcat initialized with port 8080 (http)
2026-04-12 11:09:42.569 [main] INFO  o.a.coyote.http11.Http11NioProtocol - Initializing ProtocolHandler ["http-nio-8080"]
2026-04-12 11:09:42.570 [main] INFO  o.a.catalina.core.StandardService - Starting service [Tomcat]
2026-04-12 11:09:42.570 [main] INFO  o.a.catalina.core.StandardEngine - Starting Servlet engine: [Apache Tomcat/10.1.52]
2026-04-12 11:09:42.650 [main] INFO  o.a.c.c.C.[Tomcat].[localhost].[/] - Initializing Spring embedded WebApplicationContext
2026-04-12 11:09:42.650 [main] INFO  o.s.b.w.s.c.ServletWebServerApplicationContext - Root WebApplicationContext: initialization completed in 1171 ms
2026-04-12 11:09:43.486 [main] INFO  c.b.m.e.s.MybatisPlusApplicationContextAware - Register ApplicationContext instances org.springframework.boot.web.servlet.context.AnnotationConfigServletWebServerApplicationContext@2c715e84
2026-04-12 11:09:43.611 [main] INFO  o.a.coyote.http11.Http11NioProtocol - Starting ProtocolHandler ["http-nio-8080"]
2026-04-12 11:09:43.628 [main] INFO  o.s.b.w.e.tomcat.TomcatWebServer - Tomcat started on port 8080 (http) with context path '/'
2026-04-12 11:09:43.635 [main] INFO  c.l.m.MybatisPlusLearningApplication - Started MybatisPlusLearningApplication in 2.86 seconds (process running for 3.877)
2026-04-12 11:09:43.637 [main] WARN  o.s.c.events.SpringDocAppInitializer - SpringDoc /v3/api-docs endpoint is enabled by default. To disable it in production, set the property 'springdoc.api-docs.enabled=false'
2026-04-12 11:09:43.637 [main] WARN  o.s.c.events.SpringDocAppInitializer - SpringDoc /swagger-ui.html endpoint is enabled by default. To disable it in production, set the property 'springdoc.swagger-ui.enabled=false'
2026-04-12 11:09:52.876 [http-nio-8080-exec-4] INFO  o.a.c.c.C.[Tomcat].[localhost].[/] - Initializing Spring DispatcherServlet 'dispatcherServlet'
2026-04-12 11:09:52.876 [http-nio-8080-exec-4] INFO  o.s.web.servlet.DispatcherServlet - Initializing Servlet 'dispatcherServlet'
2026-04-12 11:09:52.880 [http-nio-8080-exec-4] INFO  o.s.web.servlet.DispatcherServlet - Completed initialization in 3 ms
2026-04-12 11:09:52.997 [http-nio-8080-exec-4] INFO  com.zaxxer.hikari.HikariDataSource - HikariPool-1 - Starting...
2026-04-12 11:09:53.862 [http-nio-8080-exec-4] INFO  com.zaxxer.hikari.pool.HikariPool - HikariPool-1 - Added connection com.mysql.cj.jdbc.ConnectionImpl@7ad89eb2
2026-04-12 11:09:53.869 [http-nio-8080-exec-4] INFO  com.zaxxer.hikari.HikariDataSource - HikariPool-1 - Start completed.
2026-04-12 11:09:53.887 [http-nio-8080-exec-4] DEBUG c.l.mp.mapper.UserMapper.selectById - ==>  Preparing: SELECT id,`name`,age,email,address,phone,sex,balance FROM user WHERE id=?
2026-04-12 11:09:53.944 [http-nio-8080-exec-4] DEBUG c.l.mp.mapper.UserMapper.selectById - ==> Parameters: 5(Integer)
2026-04-12 11:09:53.998 [http-nio-8080-exec-4] DEBUG c.l.mp.mapper.UserMapper.selectById - <==      Total: 1
2026-04-12 11:09:54.018 [http-nio-8080-exec-4] DEBUG c.l.m.m.UserMapper.updateAmountById - ==>  Preparing: update user set balance = balance + ? where id = ?
2026-04-12 11:09:54.020 [http-nio-8080-exec-4] DEBUG c.l.m.m.UserMapper.updateAmountById - ==> Parameters: 22.0(Double), 5(Integer)
2026-04-12 11:09:54.033 [http-nio-8080-exec-4] DEBUG c.l.m.m.UserMapper.updateAmountById - <==    Updates: 1
2026-04-12 11:09:59.758 [http-nio-8080-exec-5] DEBUG c.l.mp.mapper.UserMapper.selectById - ==>  Preparing: SELECT id,`name`,age,email,address,phone,sex,balance FROM user WHERE id=?
2026-04-12 11:09:59.762 [http-nio-8080-exec-5] DEBUG c.l.mp.mapper.UserMapper.selectById - ==> Parameters: 5(Integer)
2026-04-12 11:09:59.770 [http-nio-8080-exec-5] DEBUG c.l.mp.mapper.UserMapper.selectById - <==      Total: 1
2026-04-12 11:09:59.772 [http-nio-8080-exec-5] DEBUG c.l.m.m.UserMapper.updateAmountById - ==>  Preparing: update user set balance = balance + ? where id = ?
2026-04-12 11:09:59.773 [http-nio-8080-exec-5] DEBUG c.l.m.m.UserMapper.updateAmountById - ==> Parameters: 22.0(Double), 5(Integer)
2026-04-12 11:09:59.783 [http-nio-8080-exec-5] DEBUG c.l.m.m.UserMapper.updateAmountById - <==    Updates: 1
2026-04-12 11:10:00.940 [http-nio-8080-exec-2] DEBUG c.l.mp.mapper.UserMapper.selectById - ==>  Preparing: SELECT id,`name`,age,email,address,phone,sex,balance FROM user WHERE id=?
2026-04-12 11:10:00.941 [http-nio-8080-exec-2] DEBUG c.l.mp.mapper.UserMapper.selectById - ==> Parameters: 5(Integer)
2026-04-12 11:10:00.946 [http-nio-8080-exec-2] DEBUG c.l.mp.mapper.UserMapper.selectById - <==      Total: 1
2026-04-12 11:10:00.948 [http-nio-8080-exec-2] DEBUG c.l.m.m.UserMapper.updateAmountById - ==>  Preparing: update user set balance = balance + ? where id = ?
2026-04-12 11:10:00.949 [http-nio-8080-exec-2] DEBUG c.l.m.m.UserMapper.updateAmountById - ==> Parameters: 22.0(Double), 5(Integer)
2026-04-12 11:10:00.955 [http-nio-8080-exec-2] DEBUG c.l.m.m.UserMapper.updateAmountById - <==    Updates: 1
2026-04-12 11:57:05.586 [SpringApplicationShutdownHook] INFO  o.s.b.w.e.tomcat.GracefulShutdown - Commencing graceful shutdown. Waiting for active requests to complete
2026-04-12 11:57:05.924 [tomcat-shutdown] INFO  o.s.b.w.e.tomcat.GracefulShutdown - Graceful shutdown complete
2026-04-12 11:57:05.952 [SpringApplicationShutdownHook] INFO  com.zaxxer.hikari.HikariDataSource - HikariPool-1 - Shutdown initiated...
2026-04-12 11:57:05.964 [SpringApplicationShutdownHook] INFO  com.zaxxer.hikari.HikariDataSource - HikariPool-1 - Shutdown completed.
